#-----------------------------------------------------------
# Vivado v2023.2 (64-bit)
# SW Build 4029153 on Fri Oct 13 20:14:34 MDT 2023
# IP Build 4028589 on Sat Oct 14 00:45:43 MDT 2023
# SharedData Build 4025554 on Tue Oct 10 17:18:54 MDT 2023
# Start of session at: Sat Dec  6 22:50:57 2025
# Process ID: 43240
# Current directory: C:/Users/yeha1518/dev/hdl/xilinx_fifo_test
# Command line: vivado.exe -gui_launcher_event rodinguilauncherevent33084 C:\Users\yeha1518\dev\hdl\xilinx_fifo_test\xilinx_fifo_test.xpr
# Log file: C:/Users/yeha1518/dev/hdl/xilinx_fifo_test/vivado.log
# Journal file: C:/Users/yeha1518/dev/hdl/xilinx_fifo_test\vivado.jou
# Running On: DESKTOP-DSRKBDS, OS: Windows, CPU Frequency: 2918 MHz, CPU Physical cores: 14, Host memory: 33897 MB
#-----------------------------------------------------------
start_gui
open_project C:/Users/yeha1518/dev/hdl/xilinx_fifo_test/xilinx_fifo_test.xpr
update_compile_order -fileset sources_1
launch_simulation
source fifo_test_top_tb.tcl
restart
run 1 ms
close_sim
launch_simulation
source fifo_test_top_tb.tcl
restart
run 1 ms
run1 ms
run 1 ms
restart
run 1 ms
close_sim
launch_simulation
source fifo_test_top_tb.tcl
restart
run 1 ms
